------------------------------------------------------------
TimeQuest Timing Analyzer Summary
------------------------------------------------------------

Type  : Slow 1100mV 85C Model Setup 'MainModule:main_module|CharacterDisplayController:controller|character_type[0]'
Slack : -5.299
TNS   : -12.452

Type  : Slow 1100mV 85C Model Setup 'CLOCK_50'
Slack : -3.729
TNS   : -441.907

Type  : Slow 1100mV 85C Model Setup 'VGA|mypll|altpll_component|auto_generated|generic_pll1~PLL_OUTPUT_COUNTER|divclk'
Slack : 33.938
TNS   : 0.000

Type  : Slow 1100mV 85C Model Hold 'CLOCK_50'
Slack : 0.364
TNS   : 0.000

Type  : Slow 1100mV 85C Model Hold 'VGA|mypll|altpll_component|auto_generated|generic_pll1~PLL_OUTPUT_COUNTER|divclk'
Slack : 0.445
TNS   : 0.000

Type  : Slow 1100mV 85C Model Hold 'MainModule:main_module|CharacterDisplayController:controller|character_type[0]'
Slack : 0.953
TNS   : 0.000

Type  : Slow 1100mV 85C Model Recovery 'MainModule:main_module|CharacterDisplayController:controller|character_type[0]'
Slack : -5.790
TNS   : -16.924

Type  : Slow 1100mV 85C Model Removal 'MainModule:main_module|CharacterDisplayController:controller|character_type[0]'
Slack : 0.804
TNS   : 0.000

Type  : Slow 1100mV 85C Model Minimum Pulse Width 'MainModule:main_module|CharacterDisplayController:controller|character_type[0]'
Slack : 0.362
TNS   : 0.000

Type  : Slow 1100mV 85C Model Minimum Pulse Width 'VGA|mypll|altpll_component|auto_generated|generic_pll1~FRACTIONAL_PLL|vcoph[0]'
Slack : 1.666
TNS   : 0.000

Type  : Slow 1100mV 85C Model Minimum Pulse Width 'CLOCK_50'
Slack : 8.877
TNS   : 0.000

Type  : Slow 1100mV 85C Model Minimum Pulse Width 'VGA|mypll|altpll_component|auto_generated|generic_pll1~PLL_OUTPUT_COUNTER|divclk'
Slack : 18.781
TNS   : 0.000

Type  : Slow 1100mV 0C Model Setup 'MainModule:main_module|CharacterDisplayController:controller|character_type[0]'
Slack : -5.384
TNS   : -12.651

Type  : Slow 1100mV 0C Model Setup 'CLOCK_50'
Slack : -3.328
TNS   : -384.416

Type  : Slow 1100mV 0C Model Setup 'VGA|mypll|altpll_component|auto_generated|generic_pll1~PLL_OUTPUT_COUNTER|divclk'
Slack : 34.233
TNS   : 0.000

Type  : Slow 1100mV 0C Model Hold 'CLOCK_50'
Slack : 0.376
TNS   : 0.000

Type  : Slow 1100mV 0C Model Hold 'VGA|mypll|altpll_component|auto_generated|generic_pll1~PLL_OUTPUT_COUNTER|divclk'
Slack : 0.415
TNS   : 0.000

Type  : Slow 1100mV 0C Model Hold 'MainModule:main_module|CharacterDisplayController:controller|character_type[0]'
Slack : 0.853
TNS   : 0.000

Type  : Slow 1100mV 0C Model Recovery 'MainModule:main_module|CharacterDisplayController:controller|character_type[0]'
Slack : -5.943
TNS   : -17.255

Type  : Slow 1100mV 0C Model Removal 'MainModule:main_module|CharacterDisplayController:controller|character_type[0]'
Slack : 0.714
TNS   : 0.000

Type  : Slow 1100mV 0C Model Minimum Pulse Width 'MainModule:main_module|CharacterDisplayController:controller|character_type[0]'
Slack : 0.412
TNS   : 0.000

Type  : Slow 1100mV 0C Model Minimum Pulse Width 'VGA|mypll|altpll_component|auto_generated|generic_pll1~FRACTIONAL_PLL|vcoph[0]'
Slack : 1.666
TNS   : 0.000

Type  : Slow 1100mV 0C Model Minimum Pulse Width 'CLOCK_50'
Slack : 8.834
TNS   : 0.000

Type  : Slow 1100mV 0C Model Minimum Pulse Width 'VGA|mypll|altpll_component|auto_generated|generic_pll1~PLL_OUTPUT_COUNTER|divclk'
Slack : 18.763
TNS   : 0.000

Type  : Fast 1100mV 85C Model Setup 'CLOCK_50'
Slack : -2.948
TNS   : -311.835

Type  : Fast 1100mV 85C Model Setup 'MainModule:main_module|CharacterDisplayController:controller|character_type[0]'
Slack : -2.817
TNS   : -6.374

Type  : Fast 1100mV 85C Model Setup 'VGA|mypll|altpll_component|auto_generated|generic_pll1~PLL_OUTPUT_COUNTER|divclk'
Slack : 35.853
TNS   : 0.000

Type  : Fast 1100mV 85C Model Hold 'CLOCK_50'
Slack : 0.178
TNS   : 0.000

Type  : Fast 1100mV 85C Model Hold 'VGA|mypll|altpll_component|auto_generated|generic_pll1~PLL_OUTPUT_COUNTER|divclk'
Slack : 0.240
TNS   : 0.000

Type  : Fast 1100mV 85C Model Hold 'MainModule:main_module|CharacterDisplayController:controller|character_type[0]'
Slack : 0.697
TNS   : 0.000

Type  : Fast 1100mV 85C Model Recovery 'MainModule:main_module|CharacterDisplayController:controller|character_type[0]'
Slack : -3.004
TNS   : -8.899

Type  : Fast 1100mV 85C Model Removal 'MainModule:main_module|CharacterDisplayController:controller|character_type[0]'
Slack : 0.537
TNS   : 0.000

Type  : Fast 1100mV 85C Model Minimum Pulse Width 'MainModule:main_module|CharacterDisplayController:controller|character_type[0]'
Slack : 0.430
TNS   : 0.000

Type  : Fast 1100mV 85C Model Minimum Pulse Width 'VGA|mypll|altpll_component|auto_generated|generic_pll1~FRACTIONAL_PLL|vcoph[0]'
Slack : 1.666
TNS   : 0.000

Type  : Fast 1100mV 85C Model Minimum Pulse Width 'CLOCK_50'
Slack : 8.808
TNS   : 0.000

Type  : Fast 1100mV 85C Model Minimum Pulse Width 'VGA|mypll|altpll_component|auto_generated|generic_pll1~PLL_OUTPUT_COUNTER|divclk'
Slack : 18.892
TNS   : 0.000

Type  : Fast 1100mV 0C Model Setup 'MainModule:main_module|CharacterDisplayController:controller|character_type[0]'
Slack : -2.671
TNS   : -5.998

Type  : Fast 1100mV 0C Model Setup 'CLOCK_50'
Slack : -2.320
TNS   : -237.462

Type  : Fast 1100mV 0C Model Setup 'VGA|mypll|altpll_component|auto_generated|generic_pll1~PLL_OUTPUT_COUNTER|divclk'
Slack : 36.382
TNS   : 0.000

Type  : Fast 1100mV 0C Model Hold 'CLOCK_50'
Slack : 0.168
TNS   : 0.000

Type  : Fast 1100mV 0C Model Hold 'VGA|mypll|altpll_component|auto_generated|generic_pll1~PLL_OUTPUT_COUNTER|divclk'
Slack : 0.221
TNS   : 0.000

Type  : Fast 1100mV 0C Model Hold 'MainModule:main_module|CharacterDisplayController:controller|character_type[0]'
Slack : 0.594
TNS   : 0.000

Type  : Fast 1100mV 0C Model Recovery 'MainModule:main_module|CharacterDisplayController:controller|character_type[0]'
Slack : -2.855
TNS   : -8.481

Type  : Fast 1100mV 0C Model Removal 'MainModule:main_module|CharacterDisplayController:controller|character_type[0]'
Slack : 0.461
TNS   : 0.000

Type  : Fast 1100mV 0C Model Minimum Pulse Width 'MainModule:main_module|CharacterDisplayController:controller|character_type[0]'
Slack : 0.445
TNS   : 0.000

Type  : Fast 1100mV 0C Model Minimum Pulse Width 'VGA|mypll|altpll_component|auto_generated|generic_pll1~FRACTIONAL_PLL|vcoph[0]'
Slack : 1.666
TNS   : 0.000

Type  : Fast 1100mV 0C Model Minimum Pulse Width 'CLOCK_50'
Slack : 8.802
TNS   : 0.000

Type  : Fast 1100mV 0C Model Minimum Pulse Width 'VGA|mypll|altpll_component|auto_generated|generic_pll1~PLL_OUTPUT_COUNTER|divclk'
Slack : 18.888
TNS   : 0.000

------------------------------------------------------------
